---
source: src/tool/core/helpers/code_snippet/tests.rs
expression: get_code_snippets_response(title_slug).unwrap()
---
CodeSnippetResponse {
    data: Data {
        question: Question {
            code_snippets: [
                CodeSnippet {
                    lang: "C++",
                    code: "/**\n * Definition for a binary tree node.\n * struct TreeNode {\n *     int val;\n *     TreeNode *left;\n *     TreeNode *right;\n *     TreeNode() : val(0), left(nullptr), right(nullptr) {}\n *     TreeNode(int x) : val(x), left(nullptr), right(nullptr) {}\n *     TreeNode(int x, TreeNode *left, TreeNode *right) : val(x), left(left), right(right) {}\n * };\n */\nclass Solution {\npublic:\n    bool isValidBST(TreeNode* root) {\n        \n    }\n};",
                },
                CodeSnippet {
                    lang: "Java",
                    code: "/**\n * Definition for a binary tree node.\n * public class TreeNode {\n *     int val;\n *     TreeNode left;\n *     TreeNode right;\n *     TreeNode() {}\n *     TreeNode(int val) { this.val = val; }\n *     TreeNode(int val, TreeNode left, TreeNode right) {\n *         this.val = val;\n *         this.left = left;\n *         this.right = right;\n *     }\n * }\n */\nclass Solution {\n    public boolean isValidBST(TreeNode root) {\n        \n    }\n}",
                },
                CodeSnippet {
                    lang: "Python",
                    code: "# Definition for a binary tree node.\n# class TreeNode(object):\n#     def __init__(self, val=0, left=None, right=None):\n#         self.val = val\n#         self.left = left\n#         self.right = right\nclass Solution(object):\n    def isValidBST(self, root):\n        \"\"\"\n        :type root: TreeNode\n        :rtype: bool\n        \"\"\"\n        ",
                },
                CodeSnippet {
                    lang: "Python3",
                    code: "# Definition for a binary tree node.\n# class TreeNode:\n#     def __init__(self, val=0, left=None, right=None):\n#         self.val = val\n#         self.left = left\n#         self.right = right\nclass Solution:\n    def isValidBST(self, root: Optional[TreeNode]) -> bool:\n        ",
                },
                CodeSnippet {
                    lang: "C",
                    code: "/**\n * Definition for a binary tree node.\n * struct TreeNode {\n *     int val;\n *     struct TreeNode *left;\n *     struct TreeNode *right;\n * };\n */\nbool isValidBST(struct TreeNode* root) {\n    \n}",
                },
                CodeSnippet {
                    lang: "C#",
                    code: "/**\n * Definition for a binary tree node.\n * public class TreeNode {\n *     public int val;\n *     public TreeNode left;\n *     public TreeNode right;\n *     public TreeNode(int val=0, TreeNode left=null, TreeNode right=null) {\n *         this.val = val;\n *         this.left = left;\n *         this.right = right;\n *     }\n * }\n */\npublic class Solution {\n    public bool IsValidBST(TreeNode root) {\n        \n    }\n}",
                },
                CodeSnippet {
                    lang: "JavaScript",
                    code: "/**\n * Definition for a binary tree node.\n * function TreeNode(val, left, right) {\n *     this.val = (val===undefined ? 0 : val)\n *     this.left = (left===undefined ? null : left)\n *     this.right = (right===undefined ? null : right)\n * }\n */\n/**\n * @param {TreeNode} root\n * @return {boolean}\n */\nvar isValidBST = function(root) {\n    \n};",
                },
                CodeSnippet {
                    lang: "TypeScript",
                    code: "/**\n * Definition for a binary tree node.\n * class TreeNode {\n *     val: number\n *     left: TreeNode | null\n *     right: TreeNode | null\n *     constructor(val?: number, left?: TreeNode | null, right?: TreeNode | null) {\n *         this.val = (val===undefined ? 0 : val)\n *         this.left = (left===undefined ? null : left)\n *         this.right = (right===undefined ? null : right)\n *     }\n * }\n */\n\nfunction isValidBST(root: TreeNode | null): boolean {\n    \n};",
                },
                CodeSnippet {
                    lang: "PHP",
                    code: "/**\n * Definition for a binary tree node.\n * class TreeNode {\n *     public $val = null;\n *     public $left = null;\n *     public $right = null;\n *     function __construct($val = 0, $left = null, $right = null) {\n *         $this->val = $val;\n *         $this->left = $left;\n *         $this->right = $right;\n *     }\n * }\n */\nclass Solution {\n\n    /**\n     * @param TreeNode $root\n     * @return Boolean\n     */\n    function isValidBST($root) {\n        \n    }\n}",
                },
                CodeSnippet {
                    lang: "Swift",
                    code: "/**\n * Definition for a binary tree node.\n * public class TreeNode {\n *     public var val: Int\n *     public var left: TreeNode?\n *     public var right: TreeNode?\n *     public init() { self.val = 0; self.left = nil; self.right = nil; }\n *     public init(_ val: Int) { self.val = val; self.left = nil; self.right = nil; }\n *     public init(_ val: Int, _ left: TreeNode?, _ right: TreeNode?) {\n *         self.val = val\n *         self.left = left\n *         self.right = right\n *     }\n * }\n */\nclass Solution {\n    func isValidBST(_ root: TreeNode?) -> Bool {\n        \n    }\n}",
                },
                CodeSnippet {
                    lang: "Kotlin",
                    code: "/**\n * Example:\n * var ti = TreeNode(5)\n * var v = ti.`val`\n * Definition for a binary tree node.\n * class TreeNode(var `val`: Int) {\n *     var left: TreeNode? = null\n *     var right: TreeNode? = null\n * }\n */\nclass Solution {\n    fun isValidBST(root: TreeNode?): Boolean {\n        \n    }\n}",
                },
                CodeSnippet {
                    lang: "Dart",
                    code: "/**\n * Definition for a binary tree node.\n * class TreeNode {\n *   int val;\n *   TreeNode? left;\n *   TreeNode? right;\n *   TreeNode([this.val = 0, this.left, this.right]);\n * }\n */\nclass Solution {\n  bool isValidBST(TreeNode? root) {\n    \n  }\n}",
                },
                CodeSnippet {
                    lang: "Go",
                    code: "/**\n * Definition for a binary tree node.\n * type TreeNode struct {\n *     Val int\n *     Left *TreeNode\n *     Right *TreeNode\n * }\n */\nfunc isValidBST(root *TreeNode) bool {\n    \n}",
                },
                CodeSnippet {
                    lang: "Ruby",
                    code: "# Definition for a binary tree node.\n# class TreeNode\n#     attr_accessor :val, :left, :right\n#     def initialize(val = 0, left = nil, right = nil)\n#         @val = val\n#         @left = left\n#         @right = right\n#     end\n# end\n# @param {TreeNode} root\n# @return {Boolean}\ndef is_valid_bst(root)\n    \nend",
                },
                CodeSnippet {
                    lang: "Scala",
                    code: "/**\n * Definition for a binary tree node.\n * class TreeNode(_value: Int = 0, _left: TreeNode = null, _right: TreeNode = null) {\n *   var value: Int = _value\n *   var left: TreeNode = _left\n *   var right: TreeNode = _right\n * }\n */\nobject Solution {\n    def isValidBST(root: TreeNode): Boolean = {\n        \n    }\n}",
                },
                CodeSnippet {
                    lang: "Rust",
                    code: "// Definition for a binary tree node.\n// #[derive(Debug, PartialEq, Eq)]\n// pub struct TreeNode {\n//   pub val: i32,\n//   pub left: Option<Rc<RefCell<TreeNode>>>,\n//   pub right: Option<Rc<RefCell<TreeNode>>>,\n// }\n// \n// impl TreeNode {\n//   #[inline]\n//   pub fn new(val: i32) -> Self {\n//     TreeNode {\n//       val,\n//       left: None,\n//       right: None\n//     }\n//   }\n// }\nuse std::rc::Rc;\nuse std::cell::RefCell;\nimpl Solution {\n    pub fn is_valid_bst(root: Option<Rc<RefCell<TreeNode>>>) -> bool {\n        \n    }\n}",
                },
                CodeSnippet {
                    lang: "Racket",
                    code: "; Definition for a binary tree node.\n#|\n\n; val : integer?\n; left : (or/c tree-node? #f)\n; right : (or/c tree-node? #f)\n(struct tree-node\n  (val left right) #:mutable #:transparent)\n\n; constructor\n(define (make-tree-node [val 0])\n  (tree-node val #f #f))\n\n|#\n\n(define/contract (is-valid-bst root)\n  (-> (or/c tree-node? #f) boolean?)\n  )",
                },
                CodeSnippet {
                    lang: "Erlang",
                    code: "%% Definition for a binary tree node.\n%%\n%% -record(tree_node, {val = 0 :: integer(),\n%%                     left = null  :: 'null' | #tree_node{},\n%%                     right = null :: 'null' | #tree_node{}}).\n\n-spec is_valid_bst(Root :: #tree_node{} | null) -> boolean().\nis_valid_bst(Root) ->\n  .",
                },
                CodeSnippet {
                    lang: "Elixir",
                    code: "# Definition for a binary tree node.\n#\n# defmodule TreeNode do\n#   @type t :: %__MODULE__{\n#           val: integer,\n#           left: TreeNode.t() | nil,\n#           right: TreeNode.t() | nil\n#         }\n#   defstruct val: 0, left: nil, right: nil\n# end\n\ndefmodule Solution do\n  @spec is_valid_bst(root :: TreeNode.t | nil) :: boolean\n  def is_valid_bst(root) do\n    \n  end\nend",
                },
            ],
        },
    },
}
