---
source: src/tool/core/helpers/problem_description.rs
expression: problem_description.get_solutions()
---
[
    "0",
    "1",
    "3",
]
