---
source: src/tool/core/helpers/daily_challenge.rs
expression: get_daily_challenge_response().unwrap()
---
DailyChallengeResponse {
    data: Data {
        active_daily_coding_challenge_question: ActiveDailyCodingChallengeQuestion {
            question: Question {
                title_slug: "partition-array-for-maximum-sum",
            },
        },
    },
}
