---
source: src/tool/core/helpers/problem_metadata.rs
expression: get_problem_metadata(title_slug).unwrap()
---
ProblemMetadata {
    id: 242,
    title: "Valid Anagram",
    example_test_case_list: [
        "\"anagram\"\n\"nagaram\"",
        "\"rat\"\n\"car\"",
    ],
}
