---
source: src/tool/core/helpers/problem_description.rs
expression: get_problem_description(title_slug).unwrap()
---
ProblemDescription {
    content: "<p>Given a string <code>s</code> containing just the characters <code>&#39;(&#39;</code>, <code>&#39;)&#39;</code>, <code>&#39;{&#39;</code>, <code>&#39;}&#39;</code>, <code>&#39;[&#39;</code> and <code>&#39;]&#39;</code>, determine if the input string is valid.</p>\n\n<p>An input string is valid if:</p>\n\n<ol>\n\t<li>Open brackets must be closed by the same type of brackets.</li>\n\t<li>Open brackets must be closed in the correct order.</li>\n\t<li>Every close bracket has a corresponding open bracket of the same type.</li>\n</ol>\n\n<p>&nbsp;</p>\n<p><strong class=\"example\">Example 1:</strong></p>\n\n<div class=\"example-block\">\n<p><strong>Input:</strong> <span class=\"example-io\">s = &quot;()&quot;</span></p>\n\n<p><strong>Output:</strong> <span class=\"example-io\">true</span></p>\n</div>\n\n<p><strong class=\"example\">Example 2:</strong></p>\n\n<div class=\"example-block\">\n<p><strong>Input:</strong> <span class=\"example-io\">s = &quot;()[]{}&quot;</span></p>\n\n<p><strong>Output:</strong> <span class=\"example-io\">true</span></p>\n</div>\n\n<p><strong class=\"example\">Example 3:</strong></p>\n\n<div class=\"example-block\">\n<p><strong>Input:</strong> <span class=\"example-io\">s = &quot;(]&quot;</span></p>\n\n<p><strong>Output:</strong> <span class=\"example-io\">false</span></p>\n</div>\n\n<p><strong class=\"example\">Example 4:</strong></p>\n\n<div class=\"example-block\">\n<p><strong>Input:</strong> <span class=\"example-io\">s = &quot;([])&quot;</span></p>\n\n<p><strong>Output:</strong> <span class=\"example-io\">true</span></p>\n</div>\n\n<p>&nbsp;</p>\n<p><strong>Constraints:</strong></p>\n\n<ul>\n\t<li><code>1 &lt;= s.length &lt;= 10<sup>4</sup></code></li>\n\t<li><code>s</code> consists of parentheses only <code>&#39;()[]{}&#39;</code>.</li>\n</ul>\n",
}
