---
source: src/tool/core/helpers/problem_description.rs
expression: get_problem_description(title_slug).unwrap()
---
ProblemDescription {
    content: "<p>Given two strings <code>s</code> and <code>t</code>, return <code>true</code> if <code>t</code> is an <span data-keyword=\"anagram\">anagram</span> of <code>s</code>, and <code>false</code> otherwise.</p>\n\n<p>&nbsp;</p>\n<p><strong class=\"example\">Example 1:</strong></p>\n\n<div class=\"example-block\">\n<p><strong>Input:</strong> <span class=\"example-io\">s = &quot;anagram&quot;, t = &quot;nagaram&quot;</span></p>\n\n<p><strong>Output:</strong> <span class=\"example-io\">true</span></p>\n</div>\n\n<p><strong class=\"example\">Example 2:</strong></p>\n\n<div class=\"example-block\">\n<p><strong>Input:</strong> <span class=\"example-io\">s = &quot;rat&quot;, t = &quot;car&quot;</span></p>\n\n<p><strong>Output:</strong> <span class=\"example-io\">false</span></p>\n</div>\n\n<p>&nbsp;</p>\n<p><strong>Constraints:</strong></p>\n\n<ul>\n\t<li><code>1 &lt;= s.length, t.length &lt;= 5 * 10<sup>4</sup></code></li>\n\t<li><code>s</code> and <code>t</code> consist of lowercase English letters.</li>\n</ul>\n\n<p>&nbsp;</p>\n<p><strong>Follow up:</strong> What if the inputs contain Unicode characters? How would you adapt your solution to such a case?</p>\n",
}
