---
source: src/tool/core/helpers/problem_description.rs
expression: get_problem_description(title_slug).unwrap()
---
ProblemDescription {
    content: "<p>You are given a <strong>0-indexed</strong> string <code>pattern</code> of length <code>n</code> consisting of the characters <code>&#39;I&#39;</code> meaning <strong>increasing</strong> and <code>&#39;D&#39;</code> meaning <strong>decreasing</strong>.</p>\n\n<p>A <strong>0-indexed</strong> string <code>num</code> of length <code>n + 1</code> is created using the following conditions:</p>\n\n<ul>\n\t<li><code>num</code> consists of the digits <code>&#39;1&#39;</code> to <code>&#39;9&#39;</code>, where each digit is used <strong>at most</strong> once.</li>\n\t<li>If <code>pattern[i] == &#39;I&#39;</code>, then <code>num[i] &lt; num[i + 1]</code>.</li>\n\t<li>If <code>pattern[i] == &#39;D&#39;</code>, then <code>num[i] &gt; num[i + 1]</code>.</li>\n</ul>\n\n<p>Return <em>the lexicographically <strong>smallest</strong> possible string </em><code>num</code><em> that meets the conditions.</em></p>\n\n<p>&nbsp;</p>\n<p><strong class=\"example\">Example 1:</strong></p>\n\n<pre>\n<strong>Input:</strong> pattern = &quot;IIIDIDDD&quot;\n<strong>Output:</strong> &quot;123549876&quot;\n<strong>Explanation:\n</strong>At indices 0, 1, 2, and 4 we must have that num[i] &lt; num[i+1].\nAt indices 3, 5, 6, and 7 we must have that num[i] &gt; num[i+1].\nSome possible values of num are &quot;245639871&quot;, &quot;135749862&quot;, and &quot;123849765&quot;.\nIt can be proven that &quot;123549876&quot; is the smallest possible num that meets the conditions.\nNote that &quot;123414321&quot; is not possible because the digit &#39;1&#39; is used more than once.</pre>\n\n<p><strong class=\"example\">Example 2:</strong></p>\n\n<pre>\n<strong>Input:</strong> pattern = &quot;DDD&quot;\n<strong>Output:</strong> &quot;4321&quot;\n<strong>Explanation:</strong>\nSome possible values of num are &quot;9876&quot;, &quot;7321&quot;, and &quot;8742&quot;.\nIt can be proven that &quot;4321&quot; is the smallest possible num that meets the conditions.\n</pre>\n\n<p>&nbsp;</p>\n<p><strong>Constraints:</strong></p>\n\n<ul>\n\t<li><code>1 &lt;= pattern.length &lt;= 8</code></li>\n\t<li><code>pattern</code> consists of only the letters <code>&#39;I&#39;</code> and <code>&#39;D&#39;</code>.</li>\n</ul>\n",
}
