---
source: src/tool/core/helpers/problem_description.rs
assertion_line: 102
expression: problem_description.get_solutions()
---
[
    "[0,1]",
    "[1,2]",
    "[0,1]",
]
