---
source: src/tool/core/helpers/problem_description.rs
expression: get_problem_description(title_slug).unwrap()
---
ProblemDescription {
    content: "<p>You are given a positive integer <code>days</code> representing the total number of days an employee is available for work (starting from day 1). You are also given a 2D array <code>meetings</code> of size <code>n</code> where, <code>meetings[i] = [start_i, end_i]</code> represents the starting and ending days of meeting <code>i</code> (inclusive).</p>\n\n<p>Return the count of days when the employee is available for work but no meetings are scheduled.</p>\n\n<p><strong>Note: </strong>The meetings may overlap.</p>\n\n<p>&nbsp;</p>\n<p><strong class=\"example\">Example 1:</strong></p>\n\n<div class=\"example-block\">\n<p><strong>Input:</strong> <span class=\"example-io\">days = 10, meetings = [[5,7],[1,3],[9,10]]</span></p>\n\n<p><strong>Output:</strong> <span class=\"example-io\">2</span></p>\n\n<p><strong>Explanation:</strong></p>\n\n<p>There is no meeting scheduled on the 4<sup>th</sup> and 8<sup>th</sup> days.</p>\n</div>\n\n<p><strong class=\"example\">Example 2:</strong></p>\n\n<div class=\"example-block\">\n<p><strong>Input:</strong> <span class=\"example-io\">days = 5, meetings = [[2,4],[1,3]]</span></p>\n\n<p><strong>Output:</strong> <span class=\"example-io\">1</span></p>\n\n<p><strong>Explanation:</strong></p>\n\n<p>There is no meeting scheduled on the 5<sup>th </sup>day.</p>\n</div>\n\n<p><strong class=\"example\">Example 3:</strong></p>\n\n<div class=\"example-block\">\n<p><strong>Input:</strong> <span class=\"example-io\">days = 6, meetings = [[1,6]]</span></p>\n\n<p><strong>Output:</strong> 0</p>\n\n<p><strong>Explanation:</strong></p>\n\n<p>Meetings are scheduled for all working days.</p>\n</div>\n\n<p>&nbsp;</p>\n<p><strong>Constraints:</strong></p>\n\n<ul>\n\t<li><code>1 &lt;= days &lt;= 10<sup>9</sup></code></li>\n\t<li><code>1 &lt;= meetings.length &lt;= 10<sup>5</sup></code></li>\n\t<li><code>meetings[i].length == 2</code></li>\n\t<li><code><font face=\"monospace\">1 &lt;= meetings[i][0] &lt;= meetings[i][1] &lt;= days</font></code></li>\n</ul>\n",
}
