---
source: src/tool/core/helpers/problem_description.rs
expression: get_problem_description(title_slug).unwrap()
---
ProblemDescription {
    content: "<p>You are given an image represented by an <code>m x n</code> grid of integers <code>image</code>, where <code>image[i][j]</code> represents the pixel value of the image. You are also given three integers <code>sr</code>, <code>sc</code>, and <code>color</code>. Your task is to perform a <strong>flood fill</strong> on the image starting from the pixel <code>image[sr][sc]</code>.</p>\n\n<p>To perform a <strong>flood fill</strong>:</p>\n\n<ol>\n\t<li>Begin with the starting pixel and change its color to <code>color</code>.</li>\n\t<li>Perform the same process for each pixel that is <strong>directly adjacent</strong> (pixels that share a side with the original pixel, either horizontally or vertically) and shares the <strong>same color</strong> as the starting pixel.</li>\n\t<li>Keep <strong>repeating</strong> this process by checking neighboring pixels of the <em>updated</em> pixels&nbsp;and modifying their color if it matches the original color of the starting pixel.</li>\n\t<li>The process <strong>stops</strong> when there are <strong>no more</strong> adjacent pixels of the original color to update.</li>\n</ol>\n\n<p>Return the <strong>modified</strong> image after performing the flood fill.</p>\n\n<p>&nbsp;</p>\n<p><strong class=\"example\">Example 1:</strong></p>\n\n<div class=\"example-block\">\n<p><strong>Input:</strong> <span class=\"example-io\">image = [[1,1,1],[1,1,0],[1,0,1]], sr = 1, sc = 1, color = 2</span></p>\n\n<p><strong>Output:</strong> <span class=\"example-io\">[[2,2,2],[2,2,0],[2,0,1]]</span></p>\n\n<p><strong>Explanation:</strong></p>\n\n<p><img alt=\"\" src=\"https://assets.leetcode.com/uploads/2021/06/01/flood1-grid.jpg\" style=\"width: 613px; height: 253px;\" /></p>\n\n<p>From the center of the image with position <code>(sr, sc) = (1, 1)</code> (i.e., the red pixel), all pixels connected by a path of the same color as the starting pixel (i.e., the blue pixels) are colored with the new color.</p>\n\n<p>Note the bottom corner is <strong>not</strong> colored 2, because it is not horizontally or vertically connected to the starting pixel.</p>\n</div>\n\n<p><strong class=\"example\">Example 2:</strong></p>\n\n<div class=\"example-block\">\n<p><strong>Input:</strong> <span class=\"example-io\">image = [[0,0,0],[0,0,0]], sr = 0, sc = 0, color = 0</span></p>\n\n<p><strong>Output:</strong> <span class=\"example-io\">[[0,0,0],[0,0,0]]</span></p>\n\n<p><strong>Explanation:</strong></p>\n\n<p>The starting pixel is already colored with 0, which is the same as the target color. Therefore, no changes are made to the image.</p>\n</div>\n\n<p>&nbsp;</p>\n<p><strong>Constraints:</strong></p>\n\n<ul>\n\t<li><code>m == image.length</code></li>\n\t<li><code>n == image[i].length</code></li>\n\t<li><code>1 &lt;= m, n &lt;= 50</code></li>\n\t<li><code>0 &lt;= image[i][j], color &lt; 2<sup>16</sup></code></li>\n\t<li><code>0 &lt;= sr &lt; m</code></li>\n\t<li><code>0 &lt;= sc &lt; n</code></li>\n</ul>\n",
}
